../Core/Src/main.c:77:5:main	8	static
../Core/Src/main.c:139:6:SystemClock_Config	88	static
../Core/Src/main.c:185:13:MX_TIM3_Init	48	static
../Core/Src/main.c:234:13:MX_USART1_UART_Init	8	static
../Core/Src/main.c:265:13:MX_DMA_Init	16	static
../Core/Src/main.c:286:13:MX_GPIO_Init	40	static
../Core/Src/main.c:308:6:HAL_UARTEx_RxEventCallback	16	static
../Core/Src/main.c:323:13:main_UartTxTask	8	static
../Core/Src/main.c:338:13:main_UartRxTask	8	static
../Core/Src/main.c:368:13:main_UsbRxTask	16	static
../Core/Src/main.c:384:13:main_bridgeDataTransfare	8	static
../Core/Src/main.c:406:13:main_bleCommandControl	16	static
../Core/Src/main.c:434:6:Error_Handler	4	static,ignoring_inline_asm
