../Core/Src/main.c:74:5:main	8	static
../Core/Src/main.c:135:6:SystemClock_Config	88	static
../Core/Src/main.c:181:13:MX_USART1_UART_Init	8	static
../Core/Src/main.c:212:13:MX_DMA_Init	16	static
../Core/Src/main.c:233:13:MX_GPIO_Init	40	static
../Core/Src/main.c:255:6:HAL_UARTEx_RxEventCallback	16	static
../Core/Src/main.c:270:13:main_UartTxTask	8	static
../Core/Src/main.c:285:13:main_UartRxTask	8	static
../Core/Src/main.c:315:13:main_UsbRxTask	16	static
../Core/Src/main.c:331:13:main_bridgeDataTransfare	8	static
../Core/Src/main.c:353:13:main_bleCommandControl	16	static
../Core/Src/main.c:381:6:Error_Handler	4	static,ignoring_inline_asm
