../USB_DEVICE/App/usbd_cdc_if.c:152:15:CDC_Init_FS	8	static
../USB_DEVICE/App/usbd_cdc_if.c:166:15:CDC_DeInit_FS	4	static
../USB_DEVICE/App/usbd_cdc_if.c:180:15:CDC_Control_FS	16	static
../USB_DEVICE/App/usbd_cdc_if.c:261:15:CDC_Receive_FS	16	static
../USB_DEVICE/App/usbd_cdc_if.c:287:9:CDC_Transmit_FS	24	static
../USB_DEVICE/App/usbd_cdc_if.c:313:15:CDC_TransmitCplt_FS	32	static
../USB_DEVICE/App/usbd_cdc_if.c:325:6:CDC_Handler_Init_FS	16	static
../USB_DEVICE/App/usbd_cdc_if.c:336:10:CDC_GetRxData	24	static
